// Jest Snapshot v1, https://goo.gl/fbAQLP

exports[`<Footer/> should render Footer 1`] = `
<DocumentFragment>
  <footer
    class="css-4oq7sz"
  >
    <p
      aria-label="© 2017 - 2021, Hamza Umar Farooq Ghani"
      class="chakra-text css-itvw0n"
      data-testid="copyRight-year"
    >
      © 2017 - 2021, Hamza Umar Farooq Ghani
    </p>
    <div
      class="css-1ki2kgz"
    >
      <div
        class="css-1kr4fmq"
      >
        <a
          aria-label="GitHub"
          class="chakra-link css-4igdyh"
          href="https://github.com/HUFGhani"
          rel="noopener noreferrer"
          target="_blank"
        >
          <test-file-stub
            height="25px"
            width="25px"
          />
        </a>
      </div>
      <div
        class="css-1kr4fmq"
      >
        <a
          aria-label="Linkedin"
          class="chakra-link css-4igdyh"
          href="https://www.linkedin.com/in/hamza-u-f-ghani/"
          rel="noopener noreferrer"
          target="_blank"
        >
          <test-file-stub
            height="25px"
            width="25px"
          />
        </a>
      </div>
      <div
        class="css-1kr4fmq"
      >
        <a
          aria-label="Instagram"
          class="chakra-link css-4igdyh"
          href="https://www.instagram.com/the.ghani/"
          rel="noopener noreferrer"
          target="_blank"
        >
          <test-file-stub
            height="30px"
            width="30px"
          />
        </a>
      </div>
      <div
        class="css-0"
      >
        <a
          aria-label="Twitter"
          class="chakra-link css-4igdyh"
          href="https://twitter.com/the_ghani"
          rel="noopener noreferrer"
          target="_blank"
        >
          <test-file-stub
            height="25px"
            width="25px"
          />
        </a>
      </div>
    </div>
    <p
      class="chakra-text css-1678xey"
    >
      Built with Gatsby · Hosted on S3 and distributed by CloudFront
    </p>
    <div
      class="wcb carbonbadge css-0"
      id="wcb"
    />
  </footer>
</DocumentFragment>
`;
